Archive member included because of file (symbol)

/home/tom/projects/PebbleSifter/Pebble/pebble_sifter/lib/libpebble.a(tmpHZgwt9pebble_os.o)
                              src/pebble_sifter.c.1.o (app_event_loop)

Discarded input sections

 .text          0x00000000        0x0 /home/tom/pebble-dev/arm-cs-tools/bin/../lib/gcc/arm-none-eabi/4.6.3/thumb2/crti.o
 .bss           0x00000000        0x0 /home/tom/pebble-dev/arm-cs-tools/bin/../lib/gcc/arm-none-eabi/4.6.3/thumb2/crti.o
 .init          0x00000000        0x4 /home/tom/pebble-dev/arm-cs-tools/bin/../lib/gcc/arm-none-eabi/4.6.3/thumb2/crti.o
 .fini          0x00000000        0x4 /home/tom/pebble-dev/arm-cs-tools/bin/../lib/gcc/arm-none-eabi/4.6.3/thumb2/crti.o
 .text          0x00000000       0x68 /home/tom/pebble-dev/arm-cs-tools/bin/../lib/gcc/arm-none-eabi/4.6.3/thumb2/crtbegin.o
 .bss           0x00000000       0x1c /home/tom/pebble-dev/arm-cs-tools/bin/../lib/gcc/arm-none-eabi/4.6.3/thumb2/crtbegin.o
 .init_array    0x00000000        0x4 /home/tom/pebble-dev/arm-cs-tools/bin/../lib/gcc/arm-none-eabi/4.6.3/thumb2/crtbegin.o
 .fini_array    0x00000000        0x4 /home/tom/pebble-dev/arm-cs-tools/bin/../lib/gcc/arm-none-eabi/4.6.3/thumb2/crtbegin.o
 .eh_frame      0x00000000        0x0 /home/tom/pebble-dev/arm-cs-tools/bin/../lib/gcc/arm-none-eabi/4.6.3/thumb2/crtbegin.o
 .jcr           0x00000000        0x0 /home/tom/pebble-dev/arm-cs-tools/bin/../lib/gcc/arm-none-eabi/4.6.3/thumb2/crtbegin.o
 .text          0x00000000        0x0 src/pebble_sifter.c.1.o
 .bss           0x00000000        0x0 src/pebble_sifter.c.1.o
 .text.select_single_click_handler
                0x00000000       0x48 src/pebble_sifter.c.1.o
 .text.click_config_provider
                0x00000000       0x10 src/pebble_sifter.c.1.o
 .rodata.sifter_name_layer_vert_size
                0x00000000        0x4 src/pebble_sifter.c.1.o
 .rodata.vert_scroll_text_padding
                0x00000000        0x4 src/pebble_sifter.c.1.o
 .rodata.header_display_height
                0x00000000        0x4 src/pebble_sifter.c.1.o
 .bss           0x00000000        0x0 /home/tom/projects/PebbleSifter/Pebble/pebble_sifter/lib/libpebble.a(tmpHZgwt9pebble_os.o)
 .text.animation_init
                0x00000000        0xc /home/tom/projects/PebbleSifter/Pebble/pebble_sifter/lib/libpebble.a(tmpHZgwt9pebble_os.o)
 .text.animation_set_delay
                0x00000000        0xc /home/tom/projects/PebbleSifter/Pebble/pebble_sifter/lib/libpebble.a(tmpHZgwt9pebble_os.o)
 .text.animation_set_duration
                0x00000000        0xc /home/tom/projects/PebbleSifter/Pebble/pebble_sifter/lib/libpebble.a(tmpHZgwt9pebble_os.o)
 .text.animation_set_curve
                0x00000000        0xc /home/tom/projects/PebbleSifter/Pebble/pebble_sifter/lib/libpebble.a(tmpHZgwt9pebble_os.o)
 .text.animation_set_handlers
                0x00000000        0xc /home/tom/projects/PebbleSifter/Pebble/pebble_sifter/lib/libpebble.a(tmpHZgwt9pebble_os.o)
 .text.animation_set_implementation
                0x00000000        0xc /home/tom/projects/PebbleSifter/Pebble/pebble_sifter/lib/libpebble.a(tmpHZgwt9pebble_os.o)
 .text.animation_get_context
                0x00000000        0xc /home/tom/projects/PebbleSifter/Pebble/pebble_sifter/lib/libpebble.a(tmpHZgwt9pebble_os.o)
 .text.animation_schedule
                0x00000000        0xc /home/tom/projects/PebbleSifter/Pebble/pebble_sifter/lib/libpebble.a(tmpHZgwt9pebble_os.o)
 .text.animation_unschedule
                0x00000000        0xc /home/tom/projects/PebbleSifter/Pebble/pebble_sifter/lib/libpebble.a(tmpHZgwt9pebble_os.o)
 .text.animation_unschedule_all
                0x00000000        0xc /home/tom/projects/PebbleSifter/Pebble/pebble_sifter/lib/libpebble.a(tmpHZgwt9pebble_os.o)
 .text.animation_is_scheduled
                0x00000000        0xc /home/tom/projects/PebbleSifter/Pebble/pebble_sifter/lib/libpebble.a(tmpHZgwt9pebble_os.o)
 .text.app_timer_send_event
                0x00000000        0xc /home/tom/projects/PebbleSifter/Pebble/pebble_sifter/lib/libpebble.a(tmpHZgwt9pebble_os.o)
 .text.app_timer_cancel_event
                0x00000000        0xc /home/tom/projects/PebbleSifter/Pebble/pebble_sifter/lib/libpebble.a(tmpHZgwt9pebble_os.o)
 .text.bmp_init_container
                0x00000000        0xc /home/tom/projects/PebbleSifter/Pebble/pebble_sifter/lib/libpebble.a(tmpHZgwt9pebble_os.o)
 .text.bmp_deinit_container
                0x00000000        0xc /home/tom/projects/PebbleSifter/Pebble/pebble_sifter/lib/libpebble.a(tmpHZgwt9pebble_os.o)
 .text.cos_lookup
                0x00000000        0xc /home/tom/projects/PebbleSifter/Pebble/pebble_sifter/lib/libpebble.a(tmpHZgwt9pebble_os.o)
 .text.fonts_get_system_font
                0x00000000        0xc /home/tom/projects/PebbleSifter/Pebble/pebble_sifter/lib/libpebble.a(tmpHZgwt9pebble_os.o)
 .text.fonts_load_custom_font
                0x00000000        0xc /home/tom/projects/PebbleSifter/Pebble/pebble_sifter/lib/libpebble.a(tmpHZgwt9pebble_os.o)
 .text.fonts_unload_custom_font
                0x00000000        0xc /home/tom/projects/PebbleSifter/Pebble/pebble_sifter/lib/libpebble.a(tmpHZgwt9pebble_os.o)
 .text.graphics_context_set_stroke_color
                0x00000000        0xc /home/tom/projects/PebbleSifter/Pebble/pebble_sifter/lib/libpebble.a(tmpHZgwt9pebble_os.o)
 .text.graphics_context_set_fill_color
                0x00000000        0xc /home/tom/projects/PebbleSifter/Pebble/pebble_sifter/lib/libpebble.a(tmpHZgwt9pebble_os.o)
 .text.graphics_context_set_text_color
                0x00000000        0xc /home/tom/projects/PebbleSifter/Pebble/pebble_sifter/lib/libpebble.a(tmpHZgwt9pebble_os.o)
 .text.graphics_context_set_compositing_mode
                0x00000000        0xc /home/tom/projects/PebbleSifter/Pebble/pebble_sifter/lib/libpebble.a(tmpHZgwt9pebble_os.o)
 .text.graphics_draw_pixel
                0x00000000        0xc /home/tom/projects/PebbleSifter/Pebble/pebble_sifter/lib/libpebble.a(tmpHZgwt9pebble_os.o)
 .text.graphics_draw_line
                0x00000000        0xc /home/tom/projects/PebbleSifter/Pebble/pebble_sifter/lib/libpebble.a(tmpHZgwt9pebble_os.o)
 .text.graphics_fill_rect
                0x00000000        0xc /home/tom/projects/PebbleSifter/Pebble/pebble_sifter/lib/libpebble.a(tmpHZgwt9pebble_os.o)
 .text.graphics_draw_circle
                0x00000000        0xc /home/tom/projects/PebbleSifter/Pebble/pebble_sifter/lib/libpebble.a(tmpHZgwt9pebble_os.o)
 .text.graphics_fill_circle
                0x00000000        0xc /home/tom/projects/PebbleSifter/Pebble/pebble_sifter/lib/libpebble.a(tmpHZgwt9pebble_os.o)
 .text.graphics_draw_round_rect
                0x00000000        0xc /home/tom/projects/PebbleSifter/Pebble/pebble_sifter/lib/libpebble.a(tmpHZgwt9pebble_os.o)
 .text.get_time
                0x00000000        0xc /home/tom/projects/PebbleSifter/Pebble/pebble_sifter/lib/libpebble.a(tmpHZgwt9pebble_os.o)
 .text.gpath_init
                0x00000000        0xc /home/tom/projects/PebbleSifter/Pebble/pebble_sifter/lib/libpebble.a(tmpHZgwt9pebble_os.o)
 .text.gpath_move_to
                0x00000000        0xc /home/tom/projects/PebbleSifter/Pebble/pebble_sifter/lib/libpebble.a(tmpHZgwt9pebble_os.o)
 .text.gpath_rotate_to
                0x00000000        0xc /home/tom/projects/PebbleSifter/Pebble/pebble_sifter/lib/libpebble.a(tmpHZgwt9pebble_os.o)
 .text.gpath_draw_outline
                0x00000000        0xc /home/tom/projects/PebbleSifter/Pebble/pebble_sifter/lib/libpebble.a(tmpHZgwt9pebble_os.o)
 .text.gpath_draw_filled
                0x00000000        0xc /home/tom/projects/PebbleSifter/Pebble/pebble_sifter/lib/libpebble.a(tmpHZgwt9pebble_os.o)
 .text.grect_center_point
                0x00000000        0xc /home/tom/projects/PebbleSifter/Pebble/pebble_sifter/lib/libpebble.a(tmpHZgwt9pebble_os.o)
 .text.layer_mark_dirty
                0x00000000        0xc /home/tom/projects/PebbleSifter/Pebble/pebble_sifter/lib/libpebble.a(tmpHZgwt9pebble_os.o)
 .text.layer_remove_from_parent
                0x00000000        0xc /home/tom/projects/PebbleSifter/Pebble/pebble_sifter/lib/libpebble.a(tmpHZgwt9pebble_os.o)
 .text.layer_get_frame
                0x00000000        0xc /home/tom/projects/PebbleSifter/Pebble/pebble_sifter/lib/libpebble.a(tmpHZgwt9pebble_os.o)
 .text.layer_set_frame
                0x00000000        0xc /home/tom/projects/PebbleSifter/Pebble/pebble_sifter/lib/libpebble.a(tmpHZgwt9pebble_os.o)
 .text.layer_set_hidden
                0x00000000        0xc /home/tom/projects/PebbleSifter/Pebble/pebble_sifter/lib/libpebble.a(tmpHZgwt9pebble_os.o)
 .text.layer_init
                0x00000000        0xc /home/tom/projects/PebbleSifter/Pebble/pebble_sifter/lib/libpebble.a(tmpHZgwt9pebble_os.o)
 .text.light_enable
                0x00000000        0xc /home/tom/projects/PebbleSifter/Pebble/pebble_sifter/lib/libpebble.a(tmpHZgwt9pebble_os.o)
 .text.light_enable_interaction
                0x00000000        0xc /home/tom/projects/PebbleSifter/Pebble/pebble_sifter/lib/libpebble.a(tmpHZgwt9pebble_os.o)
 .text.psleep   0x00000000        0xc /home/tom/projects/PebbleSifter/Pebble/pebble_sifter/lib/libpebble.a(tmpHZgwt9pebble_os.o)
 .text.resource_init_current_app
                0x00000000        0xc /home/tom/projects/PebbleSifter/Pebble/pebble_sifter/lib/libpebble.a(tmpHZgwt9pebble_os.o)
 .text.resource_get_handle
                0x00000000        0xc /home/tom/projects/PebbleSifter/Pebble/pebble_sifter/lib/libpebble.a(tmpHZgwt9pebble_os.o)
 .text.resource_load
                0x00000000        0xc /home/tom/projects/PebbleSifter/Pebble/pebble_sifter/lib/libpebble.a(tmpHZgwt9pebble_os.o)
 .text.resource_load_byte_range
                0x00000000        0xc /home/tom/projects/PebbleSifter/Pebble/pebble_sifter/lib/libpebble.a(tmpHZgwt9pebble_os.o)
 .text.resource_size
                0x00000000        0xc /home/tom/projects/PebbleSifter/Pebble/pebble_sifter/lib/libpebble.a(tmpHZgwt9pebble_os.o)
 .text.rotbmp_deinit_container
                0x00000000        0xc /home/tom/projects/PebbleSifter/Pebble/pebble_sifter/lib/libpebble.a(tmpHZgwt9pebble_os.o)
 .text.rotbmp_init_container
                0x00000000        0xc /home/tom/projects/PebbleSifter/Pebble/pebble_sifter/lib/libpebble.a(tmpHZgwt9pebble_os.o)
 .text.rotbmp_pair_deinit_container
                0x00000000        0xc /home/tom/projects/PebbleSifter/Pebble/pebble_sifter/lib/libpebble.a(tmpHZgwt9pebble_os.o)
 .text.rotbmp_pair_init_container
                0x00000000        0xc /home/tom/projects/PebbleSifter/Pebble/pebble_sifter/lib/libpebble.a(tmpHZgwt9pebble_os.o)
 .text.rotbmp_pair_layer_set_src_ic
                0x00000000        0xc /home/tom/projects/PebbleSifter/Pebble/pebble_sifter/lib/libpebble.a(tmpHZgwt9pebble_os.o)
 .text.rotbmp_pair_layer_set_angle
                0x00000000        0xc /home/tom/projects/PebbleSifter/Pebble/pebble_sifter/lib/libpebble.a(tmpHZgwt9pebble_os.o)
 .text.window_set_click_config_provider
                0x00000000        0xc /home/tom/projects/PebbleSifter/Pebble/pebble_sifter/lib/libpebble.a(tmpHZgwt9pebble_os.o)
 .text.window_set_background_color
                0x00000000        0xc /home/tom/projects/PebbleSifter/Pebble/pebble_sifter/lib/libpebble.a(tmpHZgwt9pebble_os.o)
 .text.window_render
                0x00000000        0xc /home/tom/projects/PebbleSifter/Pebble/pebble_sifter/lib/libpebble.a(tmpHZgwt9pebble_os.o)
 .text.window_set_fullscreen
                0x00000000        0xc /home/tom/projects/PebbleSifter/Pebble/pebble_sifter/lib/libpebble.a(tmpHZgwt9pebble_os.o)
 .text.sin_lookup
                0x00000000        0xc /home/tom/projects/PebbleSifter/Pebble/pebble_sifter/lib/libpebble.a(tmpHZgwt9pebble_os.o)
 .text.string_format_time
                0x00000000        0xc /home/tom/projects/PebbleSifter/Pebble/pebble_sifter/lib/libpebble.a(tmpHZgwt9pebble_os.o)
 .text.text_layer_get_text
                0x00000000        0xc /home/tom/projects/PebbleSifter/Pebble/pebble_sifter/lib/libpebble.a(tmpHZgwt9pebble_os.o)
 .text.text_layer_set_font
                0x00000000        0xc /home/tom/projects/PebbleSifter/Pebble/pebble_sifter/lib/libpebble.a(tmpHZgwt9pebble_os.o)
 .text.text_layer_set_text_color
                0x00000000        0xc /home/tom/projects/PebbleSifter/Pebble/pebble_sifter/lib/libpebble.a(tmpHZgwt9pebble_os.o)
 .text.text_layer_set_background_color
                0x00000000        0xc /home/tom/projects/PebbleSifter/Pebble/pebble_sifter/lib/libpebble.a(tmpHZgwt9pebble_os.o)
 .text.vibes_double_pulse
                0x00000000        0xc /home/tom/projects/PebbleSifter/Pebble/pebble_sifter/lib/libpebble.a(tmpHZgwt9pebble_os.o)
 .text.vibes_enqueue_custom_pattern
                0x00000000        0xc /home/tom/projects/PebbleSifter/Pebble/pebble_sifter/lib/libpebble.a(tmpHZgwt9pebble_os.o)
 .text.vibes_long_pulse
                0x00000000        0xc /home/tom/projects/PebbleSifter/Pebble/pebble_sifter/lib/libpebble.a(tmpHZgwt9pebble_os.o)
 .text.vibes_short_pulse
                0x00000000        0xc /home/tom/projects/PebbleSifter/Pebble/pebble_sifter/lib/libpebble.a(tmpHZgwt9pebble_os.o)
 .text.clock_is_24h_style
                0x00000000        0xc /home/tom/projects/PebbleSifter/Pebble/pebble_sifter/lib/libpebble.a(tmpHZgwt9pebble_os.o)
 .text.property_animation_init_layer_frame
                0x00000000        0xc /home/tom/projects/PebbleSifter/Pebble/pebble_sifter/lib/libpebble.a(tmpHZgwt9pebble_os.o)
 .text.graphics_draw_bitmap_in_rect
                0x00000000        0xc /home/tom/projects/PebbleSifter/Pebble/pebble_sifter/lib/libpebble.a(tmpHZgwt9pebble_os.o)
 .text.graphics_text_draw
                0x00000000        0xc /home/tom/projects/PebbleSifter/Pebble/pebble_sifter/lib/libpebble.a(tmpHZgwt9pebble_os.o)
 .text.layer_set_bounds
                0x00000000        0xc /home/tom/projects/PebbleSifter/Pebble/pebble_sifter/lib/libpebble.a(tmpHZgwt9pebble_os.o)
 .text.layer_get_bounds
                0x00000000        0xc /home/tom/projects/PebbleSifter/Pebble/pebble_sifter/lib/libpebble.a(tmpHZgwt9pebble_os.o)
 .text.layer_set_update_proc
                0x00000000        0xc /home/tom/projects/PebbleSifter/Pebble/pebble_sifter/lib/libpebble.a(tmpHZgwt9pebble_os.o)
 .text.layer_get_window
                0x00000000        0xc /home/tom/projects/PebbleSifter/Pebble/pebble_sifter/lib/libpebble.a(tmpHZgwt9pebble_os.o)
 .text.layer_remove_child_layers
                0x00000000        0xc /home/tom/projects/PebbleSifter/Pebble/pebble_sifter/lib/libpebble.a(tmpHZgwt9pebble_os.o)
 .text.layer_insert_below_sibling
                0x00000000        0xc /home/tom/projects/PebbleSifter/Pebble/pebble_sifter/lib/libpebble.a(tmpHZgwt9pebble_os.o)
 .text.layer_insert_above_sibling
                0x00000000        0xc /home/tom/projects/PebbleSifter/Pebble/pebble_sifter/lib/libpebble.a(tmpHZgwt9pebble_os.o)
 .text.layer_get_hidden
                0x00000000        0xc /home/tom/projects/PebbleSifter/Pebble/pebble_sifter/lib/libpebble.a(tmpHZgwt9pebble_os.o)
 .text.layer_set_clips
                0x00000000        0xc /home/tom/projects/PebbleSifter/Pebble/pebble_sifter/lib/libpebble.a(tmpHZgwt9pebble_os.o)
 .text.layer_get_clips
                0x00000000        0xc /home/tom/projects/PebbleSifter/Pebble/pebble_sifter/lib/libpebble.a(tmpHZgwt9pebble_os.o)
 .text.text_layer_set_overflow_mode
                0x00000000        0xc /home/tom/projects/PebbleSifter/Pebble/pebble_sifter/lib/libpebble.a(tmpHZgwt9pebble_os.o)
 .text.graphics_text_layout_get_max_used_size
                0x00000000        0xc /home/tom/projects/PebbleSifter/Pebble/pebble_sifter/lib/libpebble.a(tmpHZgwt9pebble_os.o)
 .text.inverter_layer_init
                0x00000000        0xc /home/tom/projects/PebbleSifter/Pebble/pebble_sifter/lib/libpebble.a(tmpHZgwt9pebble_os.o)
 .text.bitmap_layer_init
                0x00000000        0xc /home/tom/projects/PebbleSifter/Pebble/pebble_sifter/lib/libpebble.a(tmpHZgwt9pebble_os.o)
 .text.bitmap_layer_set_bitmap
                0x00000000        0xc /home/tom/projects/PebbleSifter/Pebble/pebble_sifter/lib/libpebble.a(tmpHZgwt9pebble_os.o)
 .text.bitmap_layer_set_alignment
                0x00000000        0xc /home/tom/projects/PebbleSifter/Pebble/pebble_sifter/lib/libpebble.a(tmpHZgwt9pebble_os.o)
 .text.bitmap_layer_set_background_color
                0x00000000        0xc /home/tom/projects/PebbleSifter/Pebble/pebble_sifter/lib/libpebble.a(tmpHZgwt9pebble_os.o)
 .text.bitmap_layer_set_compositing_mode
                0x00000000        0xc /home/tom/projects/PebbleSifter/Pebble/pebble_sifter/lib/libpebble.a(tmpHZgwt9pebble_os.o)
 .text.heap_bitmap_init
                0x00000000        0xc /home/tom/projects/PebbleSifter/Pebble/pebble_sifter/lib/libpebble.a(tmpHZgwt9pebble_os.o)
 .text.heap_bitmap_deinit
                0x00000000        0xc /home/tom/projects/PebbleSifter/Pebble/pebble_sifter/lib/libpebble.a(tmpHZgwt9pebble_os.o)
 .text.click_recognizer_get_button_id
                0x00000000        0xc /home/tom/projects/PebbleSifter/Pebble/pebble_sifter/lib/libpebble.a(tmpHZgwt9pebble_os.o)
 .text.click_number_of_clicks_counted
                0x00000000        0xc /home/tom/projects/PebbleSifter/Pebble/pebble_sifter/lib/libpebble.a(tmpHZgwt9pebble_os.o)
 .text.menu_cell_basic_draw
                0x00000000        0xc /home/tom/projects/PebbleSifter/Pebble/pebble_sifter/lib/libpebble.a(tmpHZgwt9pebble_os.o)
 .text.menu_cell_title_draw
                0x00000000        0xc /home/tom/projects/PebbleSifter/Pebble/pebble_sifter/lib/libpebble.a(tmpHZgwt9pebble_os.o)
 .text.menu_cell_basic_header_draw
                0x00000000        0xc /home/tom/projects/PebbleSifter/Pebble/pebble_sifter/lib/libpebble.a(tmpHZgwt9pebble_os.o)
 .text.menu_layer_init
                0x00000000        0xc /home/tom/projects/PebbleSifter/Pebble/pebble_sifter/lib/libpebble.a(tmpHZgwt9pebble_os.o)
 .text.menu_layer_get_layer
                0x00000000        0xc /home/tom/projects/PebbleSifter/Pebble/pebble_sifter/lib/libpebble.a(tmpHZgwt9pebble_os.o)
 .text.menu_layer_set_callbacks
                0x00000000        0xc /home/tom/projects/PebbleSifter/Pebble/pebble_sifter/lib/libpebble.a(tmpHZgwt9pebble_os.o)
 .text.menu_layer_set_click_config_onto_window
                0x00000000        0xc /home/tom/projects/PebbleSifter/Pebble/pebble_sifter/lib/libpebble.a(tmpHZgwt9pebble_os.o)
 .text.menu_layer_set_selected_next
                0x00000000        0xc /home/tom/projects/PebbleSifter/Pebble/pebble_sifter/lib/libpebble.a(tmpHZgwt9pebble_os.o)
 .text.menu_layer_set_selected_index
                0x00000000        0xc /home/tom/projects/PebbleSifter/Pebble/pebble_sifter/lib/libpebble.a(tmpHZgwt9pebble_os.o)
 .text.menu_layer_reload_data
                0x00000000        0xc /home/tom/projects/PebbleSifter/Pebble/pebble_sifter/lib/libpebble.a(tmpHZgwt9pebble_os.o)
 .text.menu_index_compare
                0x00000000        0xc /home/tom/projects/PebbleSifter/Pebble/pebble_sifter/lib/libpebble.a(tmpHZgwt9pebble_os.o)
 .text.scroll_layer_set_callbacks
                0x00000000        0xc /home/tom/projects/PebbleSifter/Pebble/pebble_sifter/lib/libpebble.a(tmpHZgwt9pebble_os.o)
 .text.scroll_layer_set_context
                0x00000000        0xc /home/tom/projects/PebbleSifter/Pebble/pebble_sifter/lib/libpebble.a(tmpHZgwt9pebble_os.o)
 .text.scroll_layer_set_content_offset
                0x00000000        0xc /home/tom/projects/PebbleSifter/Pebble/pebble_sifter/lib/libpebble.a(tmpHZgwt9pebble_os.o)
 .text.scroll_layer_get_content_offset
                0x00000000        0xc /home/tom/projects/PebbleSifter/Pebble/pebble_sifter/lib/libpebble.a(tmpHZgwt9pebble_os.o)
 .text.scroll_layer_get_content_size
                0x00000000        0xc /home/tom/projects/PebbleSifter/Pebble/pebble_sifter/lib/libpebble.a(tmpHZgwt9pebble_os.o)
 .text.scroll_layer_set_frame
                0x00000000        0xc /home/tom/projects/PebbleSifter/Pebble/pebble_sifter/lib/libpebble.a(tmpHZgwt9pebble_os.o)
 .text.scroll_layer_scroll_up_click_handler
                0x00000000        0xc /home/tom/projects/PebbleSifter/Pebble/pebble_sifter/lib/libpebble.a(tmpHZgwt9pebble_os.o)
 .text.scroll_layer_scroll_down_click_handler
                0x00000000        0xc /home/tom/projects/PebbleSifter/Pebble/pebble_sifter/lib/libpebble.a(tmpHZgwt9pebble_os.o)
 .text.simple_menu_layer_init
                0x00000000        0xc /home/tom/projects/PebbleSifter/Pebble/pebble_sifter/lib/libpebble.a(tmpHZgwt9pebble_os.o)
 .text.simple_menu_layer_get_layer
                0x00000000        0xc /home/tom/projects/PebbleSifter/Pebble/pebble_sifter/lib/libpebble.a(tmpHZgwt9pebble_os.o)
 .text.simple_menu_layer_get_selected_index
                0x00000000        0xc /home/tom/projects/PebbleSifter/Pebble/pebble_sifter/lib/libpebble.a(tmpHZgwt9pebble_os.o)
 .text.simple_menu_layer_set_selected_index
                0x00000000        0xc /home/tom/projects/PebbleSifter/Pebble/pebble_sifter/lib/libpebble.a(tmpHZgwt9pebble_os.o)
 .text.window_deinit
                0x00000000        0xc /home/tom/projects/PebbleSifter/Pebble/pebble_sifter/lib/libpebble.a(tmpHZgwt9pebble_os.o)
 .text.window_set_click_config_provider_with_context
                0x00000000        0xc /home/tom/projects/PebbleSifter/Pebble/pebble_sifter/lib/libpebble.a(tmpHZgwt9pebble_os.o)
 .text.window_get_click_config_provider
                0x00000000        0xc /home/tom/projects/PebbleSifter/Pebble/pebble_sifter/lib/libpebble.a(tmpHZgwt9pebble_os.o)
 .text.window_set_window_handlers
                0x00000000        0xc /home/tom/projects/PebbleSifter/Pebble/pebble_sifter/lib/libpebble.a(tmpHZgwt9pebble_os.o)
 .text.window_get_root_layer
                0x00000000        0xc /home/tom/projects/PebbleSifter/Pebble/pebble_sifter/lib/libpebble.a(tmpHZgwt9pebble_os.o)
 .text.window_get_fullscreen
                0x00000000        0xc /home/tom/projects/PebbleSifter/Pebble/pebble_sifter/lib/libpebble.a(tmpHZgwt9pebble_os.o)
 .text.window_set_status_bar_icon
                0x00000000        0xc /home/tom/projects/PebbleSifter/Pebble/pebble_sifter/lib/libpebble.a(tmpHZgwt9pebble_os.o)
 .text.window_is_loaded
                0x00000000        0xc /home/tom/projects/PebbleSifter/Pebble/pebble_sifter/lib/libpebble.a(tmpHZgwt9pebble_os.o)
 .text.window_stack_pop
                0x00000000        0xc /home/tom/projects/PebbleSifter/Pebble/pebble_sifter/lib/libpebble.a(tmpHZgwt9pebble_os.o)
 .text.window_stack_pop_all
                0x00000000        0xc /home/tom/projects/PebbleSifter/Pebble/pebble_sifter/lib/libpebble.a(tmpHZgwt9pebble_os.o)
 .text.window_stack_contains_window
                0x00000000        0xc /home/tom/projects/PebbleSifter/Pebble/pebble_sifter/lib/libpebble.a(tmpHZgwt9pebble_os.o)
 .text.window_stack_get_top_window
                0x00000000        0xc /home/tom/projects/PebbleSifter/Pebble/pebble_sifter/lib/libpebble.a(tmpHZgwt9pebble_os.o)
 .text.window_stack_remove
                0x00000000        0xc /home/tom/projects/PebbleSifter/Pebble/pebble_sifter/lib/libpebble.a(tmpHZgwt9pebble_os.o)
 .text.property_animation_init
                0x00000000        0xc /home/tom/projects/PebbleSifter/Pebble/pebble_sifter/lib/libpebble.a(tmpHZgwt9pebble_os.o)
 .text.property_animation_update_int16
                0x00000000        0xc /home/tom/projects/PebbleSifter/Pebble/pebble_sifter/lib/libpebble.a(tmpHZgwt9pebble_os.o)
 .text.property_animation_update_gpoint
                0x00000000        0xc /home/tom/projects/PebbleSifter/Pebble/pebble_sifter/lib/libpebble.a(tmpHZgwt9pebble_os.o)
 .text.property_animation_update_grect
                0x00000000        0xc /home/tom/projects/PebbleSifter/Pebble/pebble_sifter/lib/libpebble.a(tmpHZgwt9pebble_os.o)
 .text.app_message_register_callbacks
                0x00000000        0xc /home/tom/projects/PebbleSifter/Pebble/pebble_sifter/lib/libpebble.a(tmpHZgwt9pebble_os.o)
 .text.app_message_deregister_callbacks
                0x00000000        0xc /home/tom/projects/PebbleSifter/Pebble/pebble_sifter/lib/libpebble.a(tmpHZgwt9pebble_os.o)
 .text.app_message_out_get
                0x00000000        0xc /home/tom/projects/PebbleSifter/Pebble/pebble_sifter/lib/libpebble.a(tmpHZgwt9pebble_os.o)
 .text.app_message_out_send
                0x00000000        0xc /home/tom/projects/PebbleSifter/Pebble/pebble_sifter/lib/libpebble.a(tmpHZgwt9pebble_os.o)
 .text.app_message_out_release
                0x00000000        0xc /home/tom/projects/PebbleSifter/Pebble/pebble_sifter/lib/libpebble.a(tmpHZgwt9pebble_os.o)
 .text.app_sync_set
                0x00000000        0xc /home/tom/projects/PebbleSifter/Pebble/pebble_sifter/lib/libpebble.a(tmpHZgwt9pebble_os.o)
 .text.app_sync_get
                0x00000000        0xc /home/tom/projects/PebbleSifter/Pebble/pebble_sifter/lib/libpebble.a(tmpHZgwt9pebble_os.o)
 .text.dict_calc_buffer_size
                0x00000000        0xc /home/tom/projects/PebbleSifter/Pebble/pebble_sifter/lib/libpebble.a(tmpHZgwt9pebble_os.o)
 .text.dict_write_begin
                0x00000000        0xc /home/tom/projects/PebbleSifter/Pebble/pebble_sifter/lib/libpebble.a(tmpHZgwt9pebble_os.o)
 .text.dict_write_data
                0x00000000        0xc /home/tom/projects/PebbleSifter/Pebble/pebble_sifter/lib/libpebble.a(tmpHZgwt9pebble_os.o)
 .text.dict_write_cstring
                0x00000000        0xc /home/tom/projects/PebbleSifter/Pebble/pebble_sifter/lib/libpebble.a(tmpHZgwt9pebble_os.o)
 .text.dict_write_int
                0x00000000        0xc /home/tom/projects/PebbleSifter/Pebble/pebble_sifter/lib/libpebble.a(tmpHZgwt9pebble_os.o)
 .text.dict_write_uint8
                0x00000000        0xc /home/tom/projects/PebbleSifter/Pebble/pebble_sifter/lib/libpebble.a(tmpHZgwt9pebble_os.o)
 .text.dict_write_uint16
                0x00000000        0xc /home/tom/projects/PebbleSifter/Pebble/pebble_sifter/lib/libpebble.a(tmpHZgwt9pebble_os.o)
 .text.dict_write_uint32
                0x00000000        0xc /home/tom/projects/PebbleSifter/Pebble/pebble_sifter/lib/libpebble.a(tmpHZgwt9pebble_os.o)
 .text.dict_write_int8
                0x00000000        0xc /home/tom/projects/PebbleSifter/Pebble/pebble_sifter/lib/libpebble.a(tmpHZgwt9pebble_os.o)
 .text.dict_write_int16
                0x00000000        0xc /home/tom/projects/PebbleSifter/Pebble/pebble_sifter/lib/libpebble.a(tmpHZgwt9pebble_os.o)
 .text.dict_write_int32
                0x00000000        0xc /home/tom/projects/PebbleSifter/Pebble/pebble_sifter/lib/libpebble.a(tmpHZgwt9pebble_os.o)
 .text.dict_write_end
                0x00000000        0xc /home/tom/projects/PebbleSifter/Pebble/pebble_sifter/lib/libpebble.a(tmpHZgwt9pebble_os.o)
 .text.dict_read_begin_from_buffer
                0x00000000        0xc /home/tom/projects/PebbleSifter/Pebble/pebble_sifter/lib/libpebble.a(tmpHZgwt9pebble_os.o)
 .text.dict_read_next
                0x00000000        0xc /home/tom/projects/PebbleSifter/Pebble/pebble_sifter/lib/libpebble.a(tmpHZgwt9pebble_os.o)
 .text.dict_read_first
                0x00000000        0xc /home/tom/projects/PebbleSifter/Pebble/pebble_sifter/lib/libpebble.a(tmpHZgwt9pebble_os.o)
 .text.dict_serialize_tuplets
                0x00000000        0xc /home/tom/projects/PebbleSifter/Pebble/pebble_sifter/lib/libpebble.a(tmpHZgwt9pebble_os.o)
 .text.dict_serialize_tuplets_to_buffer
                0x00000000        0xc /home/tom/projects/PebbleSifter/Pebble/pebble_sifter/lib/libpebble.a(tmpHZgwt9pebble_os.o)
 .text.dict_serialize_tuplets_to_buffer_with_iter
                0x00000000        0xc /home/tom/projects/PebbleSifter/Pebble/pebble_sifter/lib/libpebble.a(tmpHZgwt9pebble_os.o)
 .text.dict_write_tuplet
                0x00000000        0xc /home/tom/projects/PebbleSifter/Pebble/pebble_sifter/lib/libpebble.a(tmpHZgwt9pebble_os.o)
 .text.dict_calc_buffer_size_from_tuplets
                0x00000000        0xc /home/tom/projects/PebbleSifter/Pebble/pebble_sifter/lib/libpebble.a(tmpHZgwt9pebble_os.o)
 .text.dict_merge
                0x00000000        0xc /home/tom/projects/PebbleSifter/Pebble/pebble_sifter/lib/libpebble.a(tmpHZgwt9pebble_os.o)
 .text.dict_find
                0x00000000        0xc /home/tom/projects/PebbleSifter/Pebble/pebble_sifter/lib/libpebble.a(tmpHZgwt9pebble_os.o)
 .text.action_bar_layer_init
                0x00000000        0xc /home/tom/projects/PebbleSifter/Pebble/pebble_sifter/lib/libpebble.a(tmpHZgwt9pebble_os.o)
 .text.action_bar_layer_set_context
                0x00000000        0xc /home/tom/projects/PebbleSifter/Pebble/pebble_sifter/lib/libpebble.a(tmpHZgwt9pebble_os.o)
 .text.action_bar_layer_set_click_config_provider
                0x00000000        0xc /home/tom/projects/PebbleSifter/Pebble/pebble_sifter/lib/libpebble.a(tmpHZgwt9pebble_os.o)
 .text.action_bar_layer_set_icon
                0x00000000        0xc /home/tom/projects/PebbleSifter/Pebble/pebble_sifter/lib/libpebble.a(tmpHZgwt9pebble_os.o)
 .text.action_bar_layer_clear_icon
                0x00000000        0xc /home/tom/projects/PebbleSifter/Pebble/pebble_sifter/lib/libpebble.a(tmpHZgwt9pebble_os.o)
 .text.action_bar_layer_add_to_window
                0x00000000        0xc /home/tom/projects/PebbleSifter/Pebble/pebble_sifter/lib/libpebble.a(tmpHZgwt9pebble_os.o)
 .text.action_bar_layer_remove_from_window
                0x00000000        0xc /home/tom/projects/PebbleSifter/Pebble/pebble_sifter/lib/libpebble.a(tmpHZgwt9pebble_os.o)
 .text.action_bar_layer_set_background_color
                0x00000000        0xc /home/tom/projects/PebbleSifter/Pebble/pebble_sifter/lib/libpebble.a(tmpHZgwt9pebble_os.o)
 .text.number_window_init
                0x00000000        0xc /home/tom/projects/PebbleSifter/Pebble/pebble_sifter/lib/libpebble.a(tmpHZgwt9pebble_os.o)
 .text.number_window_set_label
                0x00000000        0xc /home/tom/projects/PebbleSifter/Pebble/pebble_sifter/lib/libpebble.a(tmpHZgwt9pebble_os.o)
 .text.number_window_set_max
                0x00000000        0xc /home/tom/projects/PebbleSifter/Pebble/pebble_sifter/lib/libpebble.a(tmpHZgwt9pebble_os.o)
 .text.number_window_set_min
                0x00000000        0xc /home/tom/projects/PebbleSifter/Pebble/pebble_sifter/lib/libpebble.a(tmpHZgwt9pebble_os.o)
 .text.number_window_set_value
                0x00000000        0xc /home/tom/projects/PebbleSifter/Pebble/pebble_sifter/lib/libpebble.a(tmpHZgwt9pebble_os.o)
 .text.number_window_set_step_size
                0x00000000        0xc /home/tom/projects/PebbleSifter/Pebble/pebble_sifter/lib/libpebble.a(tmpHZgwt9pebble_os.o)
 .text.number_window_get_value
                0x00000000        0xc /home/tom/projects/PebbleSifter/Pebble/pebble_sifter/lib/libpebble.a(tmpHZgwt9pebble_os.o)
 .text.clock_copy_time_string
                0x00000000        0xc /home/tom/projects/PebbleSifter/Pebble/pebble_sifter/lib/libpebble.a(tmpHZgwt9pebble_os.o)
 .text.gbitmap_init_as_sub_bitmap
                0x00000000        0xc /home/tom/projects/PebbleSifter/Pebble/pebble_sifter/lib/libpebble.a(tmpHZgwt9pebble_os.o)
 .text.gbitmap_init_with_data
                0x00000000        0xc /home/tom/projects/PebbleSifter/Pebble/pebble_sifter/lib/libpebble.a(tmpHZgwt9pebble_os.o)
 .text.app_comm_set_sniff_interval
                0x00000000        0xc /home/tom/projects/PebbleSifter/Pebble/pebble_sifter/lib/libpebble.a(tmpHZgwt9pebble_os.o)
 .text.app_log  0x00000000        0xc /home/tom/projects/PebbleSifter/Pebble/pebble_sifter/lib/libpebble.a(tmpHZgwt9pebble_os.o)
 .text.graphics_draw_rect
                0x00000000        0xc /home/tom/projects/PebbleSifter/Pebble/pebble_sifter/lib/libpebble.a(tmpHZgwt9pebble_os.o)
 .text.vibes_cancel
                0x00000000        0xc /home/tom/projects/PebbleSifter/Pebble/pebble_sifter/lib/libpebble.a(tmpHZgwt9pebble_os.o)
 .text.menu_layer_get_selected_index
                0x00000000        0xc /home/tom/projects/PebbleSifter/Pebble/pebble_sifter/lib/libpebble.a(tmpHZgwt9pebble_os.o)
 .text.gpoint_equal
                0x00000000        0xc /home/tom/projects/PebbleSifter/Pebble/pebble_sifter/lib/libpebble.a(tmpHZgwt9pebble_os.o)
 .text.grect_contains_point
                0x00000000        0xc /home/tom/projects/PebbleSifter/Pebble/pebble_sifter/lib/libpebble.a(tmpHZgwt9pebble_os.o)
 .text.grect_align
                0x00000000        0xc /home/tom/projects/PebbleSifter/Pebble/pebble_sifter/lib/libpebble.a(tmpHZgwt9pebble_os.o)
 .text.grect_clip
                0x00000000        0xc /home/tom/projects/PebbleSifter/Pebble/pebble_sifter/lib/libpebble.a(tmpHZgwt9pebble_os.o)
 .text.grect_crop
                0x00000000        0xc /home/tom/projects/PebbleSifter/Pebble/pebble_sifter/lib/libpebble.a(tmpHZgwt9pebble_os.o)
 .text.grect_equal
                0x00000000        0xc /home/tom/projects/PebbleSifter/Pebble/pebble_sifter/lib/libpebble.a(tmpHZgwt9pebble_os.o)
 .text.grect_is_empty
                0x00000000        0xc /home/tom/projects/PebbleSifter/Pebble/pebble_sifter/lib/libpebble.a(tmpHZgwt9pebble_os.o)
 .text.grect_standardize
                0x00000000        0xc /home/tom/projects/PebbleSifter/Pebble/pebble_sifter/lib/libpebble.a(tmpHZgwt9pebble_os.o)
 .text.gsize_equal
                0x00000000        0xc /home/tom/projects/PebbleSifter/Pebble/pebble_sifter/lib/libpebble.a(tmpHZgwt9pebble_os.o)
 .text.rand     0x00000000        0xc /home/tom/projects/PebbleSifter/Pebble/pebble_sifter/lib/libpebble.a(tmpHZgwt9pebble_os.o)
 .text.srand    0x00000000        0xc /home/tom/projects/PebbleSifter/Pebble/pebble_sifter/lib/libpebble.a(tmpHZgwt9pebble_os.o)
 .text.snprintf
                0x00000000        0xc /home/tom/projects/PebbleSifter/Pebble/pebble_sifter/lib/libpebble.a(tmpHZgwt9pebble_os.o)
 .text.strcmp   0x00000000        0xc /home/tom/projects/PebbleSifter/Pebble/pebble_sifter/lib/libpebble.a(tmpHZgwt9pebble_os.o)
 .text.strncmp  0x00000000        0xc /home/tom/projects/PebbleSifter/Pebble/pebble_sifter/lib/libpebble.a(tmpHZgwt9pebble_os.o)
 .text.strcpy   0x00000000        0xc /home/tom/projects/PebbleSifter/Pebble/pebble_sifter/lib/libpebble.a(tmpHZgwt9pebble_os.o)
 .text.strncpy  0x00000000        0xc /home/tom/projects/PebbleSifter/Pebble/pebble_sifter/lib/libpebble.a(tmpHZgwt9pebble_os.o)
 .text.strcat   0x00000000        0xc /home/tom/projects/PebbleSifter/Pebble/pebble_sifter/lib/libpebble.a(tmpHZgwt9pebble_os.o)
 .text.strncat  0x00000000        0xc /home/tom/projects/PebbleSifter/Pebble/pebble_sifter/lib/libpebble.a(tmpHZgwt9pebble_os.o)
 .text.strlen   0x00000000        0xc /home/tom/projects/PebbleSifter/Pebble/pebble_sifter/lib/libpebble.a(tmpHZgwt9pebble_os.o)
 .text.memcpy   0x00000000        0xc /home/tom/projects/PebbleSifter/Pebble/pebble_sifter/lib/libpebble.a(tmpHZgwt9pebble_os.o)
 .text.memmove  0x00000000        0xc /home/tom/projects/PebbleSifter/Pebble/pebble_sifter/lib/libpebble.a(tmpHZgwt9pebble_os.o)
 .text.time     0x00000000        0xc /home/tom/projects/PebbleSifter/Pebble/pebble_sifter/lib/libpebble.a(tmpHZgwt9pebble_os.o)
 .text.time_ms  0x00000000        0xc /home/tom/projects/PebbleSifter/Pebble/pebble_sifter/lib/libpebble.a(tmpHZgwt9pebble_os.o)
 .text          0x00000000        0x0 /home/tom/pebble-dev/arm-cs-tools/bin/../lib/gcc/arm-none-eabi/4.6.3/thumb2/crtend.o
 .bss           0x00000000        0x0 /home/tom/pebble-dev/arm-cs-tools/bin/../lib/gcc/arm-none-eabi/4.6.3/thumb2/crtend.o
 .eh_frame      0x00000000        0x4 /home/tom/pebble-dev/arm-cs-tools/bin/../lib/gcc/arm-none-eabi/4.6.3/thumb2/crtend.o
 .jcr           0x00000000        0x4 /home/tom/pebble-dev/arm-cs-tools/bin/../lib/gcc/arm-none-eabi/4.6.3/thumb2/crtend.o
 .text          0x00000000        0x0 /home/tom/pebble-dev/arm-cs-tools/bin/../lib/gcc/arm-none-eabi/4.6.3/thumb2/crtn.o
 .bss           0x00000000        0x0 /home/tom/pebble-dev/arm-cs-tools/bin/../lib/gcc/arm-none-eabi/4.6.3/thumb2/crtn.o
 .init          0x00000000        0x8 /home/tom/pebble-dev/arm-cs-tools/bin/../lib/gcc/arm-none-eabi/4.6.3/thumb2/crtn.o
 .fini          0x00000000        0x8 /home/tom/pebble-dev/arm-cs-tools/bin/../lib/gcc/arm-none-eabi/4.6.3/thumb2/crtn.o

Memory Configuration

Name             Origin             Length             Attributes
APP              0x00000000         0x00006000         xrw
*default*        0x00000000         0xffffffff

Linker script and memory map

LOAD /home/tom/pebble-dev/arm-cs-tools/bin/../lib/gcc/arm-none-eabi/4.6.3/thumb2/crti.o
LOAD /home/tom/pebble-dev/arm-cs-tools/bin/../lib/gcc/arm-none-eabi/4.6.3/thumb2/crtbegin.o
LOAD src/pebble_sifter.c.1.o
LOAD /home/tom/projects/PebbleSifter/Pebble/pebble_sifter/lib/libpebble.a
START GROUP
LOAD /home/tom/pebble-dev/arm-cs-tools/bin/../lib/gcc/arm-none-eabi/4.6.3/thumb2/libgcc.a
LOAD /home/tom/pebble-dev/arm-cs-tools/bin/../lib/gcc/arm-none-eabi/4.6.3/../../../../arm-none-eabi/lib/thumb2/libc.a
END GROUP
LOAD /home/tom/pebble-dev/arm-cs-tools/bin/../lib/gcc/arm-none-eabi/4.6.3/thumb2/crtend.o
LOAD /home/tom/pebble-dev/arm-cs-tools/bin/../lib/gcc/arm-none-eabi/4.6.3/thumb2/crtn.o

.header         0x00000000       0x7c
 *(.pbl_header)
 .pbl_header    0x00000000       0x7c src/pebble_sifter.c.1.o
                0x00000000                __pbl_app_info

.rodata         0x0000007c       0x10
 .rodata        0x0000007c       0x10 src/pebble_sifter.c.1.o

.rodata.str1.1  0x0000008c       0x30
 .rodata.str1.1
                0x0000008c       0x30 src/pebble_sifter.c.1.o

.rodata.max_text_bounds.6349
                0x000000bc        0x8
 .rodata.max_text_bounds.6349
                0x000000bc        0x8 src/pebble_sifter.c.1.o

.rodata.max_text_bounds.6374
                0x000000c4        0x8
 .rodata.max_text_bounds.6374
                0x000000c4        0x8 src/pebble_sifter.c.1.o

.text           0x000000cc       0x14
 *(.text)
 .text          0x000000cc       0x14 /home/tom/projects/PebbleSifter/Pebble/pebble_sifter/lib/libpebble.a(tmpHZgwt9pebble_os.o)

.glue_7         0x000000e0        0x0
 .glue_7        0x00000000        0x0 linker stubs

.glue_7t        0x000000e0        0x0
 .glue_7t       0x00000000        0x0 linker stubs

.vfp11_veneer   0x000000e0        0x0
 .vfp11_veneer  0x00000000        0x0 linker stubs

.v4_bx          0x000000e0        0x0
 .v4_bx         0x00000000        0x0 linker stubs

.iplt           0x000000e0        0x0
 .iplt          0x00000000        0x0 /home/tom/pebble-dev/arm-cs-tools/bin/../lib/gcc/arm-none-eabi/4.6.3/thumb2/crti.o

.text.sync_error_callback
                0x000000e0        0x2
 .text.sync_error_callback
                0x000000e0        0x2 src/pebble_sifter.c.1.o

.text.handle_deinit
                0x000000e4       0x10
 .text.handle_deinit
                0x000000e4       0x10 src/pebble_sifter.c.1.o

.text.sync_tuple_changed_callback
                0x000000f4       0x88
 .text.sync_tuple_changed_callback
                0x000000f4       0x88 src/pebble_sifter.c.1.o

.text.handle_init
                0x0000017c      0x178
 .text.handle_init
                0x0000017c      0x178 src/pebble_sifter.c.1.o
                0x0000017c                handle_init

.text.pbl_main  0x000002f4       0x3c
 .text.pbl_main
                0x000002f4       0x3c src/pebble_sifter.c.1.o
                0x000002f4                pbl_main

.text.app_event_loop
                0x00000330        0xc
 .text.app_event_loop
                0x00000330        0xc /home/tom/projects/PebbleSifter/Pebble/pebble_sifter/lib/libpebble.a(tmpHZgwt9pebble_os.o)
                0x00000330                app_event_loop

.text.layer_add_child
                0x0000033c        0xc
 .text.layer_add_child
                0x0000033c        0xc /home/tom/projects/PebbleSifter/Pebble/pebble_sifter/lib/libpebble.a(tmpHZgwt9pebble_os.o)
                0x0000033c                layer_add_child

.text.window_init
                0x00000348        0xc
 .text.window_init
                0x00000348        0xc /home/tom/projects/PebbleSifter/Pebble/pebble_sifter/lib/libpebble.a(tmpHZgwt9pebble_os.o)
                0x00000348                window_init

.text.window_stack_push
                0x00000354        0xc
 .text.window_stack_push
                0x00000354        0xc /home/tom/projects/PebbleSifter/Pebble/pebble_sifter/lib/libpebble.a(tmpHZgwt9pebble_os.o)
                0x00000354                window_stack_push

.text.text_layer_init
                0x00000360        0xc
 .text.text_layer_init
                0x00000360        0xc /home/tom/projects/PebbleSifter/Pebble/pebble_sifter/lib/libpebble.a(tmpHZgwt9pebble_os.o)
                0x00000360                text_layer_init

.text.text_layer_set_text
                0x0000036c        0xc
 .text.text_layer_set_text
                0x0000036c        0xc /home/tom/projects/PebbleSifter/Pebble/pebble_sifter/lib/libpebble.a(tmpHZgwt9pebble_os.o)
                0x0000036c                text_layer_set_text

.text.app_get_current_graphics_context
                0x00000378        0xc
 .text.app_get_current_graphics_context
                0x00000378        0xc /home/tom/projects/PebbleSifter/Pebble/pebble_sifter/lib/libpebble.a(tmpHZgwt9pebble_os.o)
                0x00000378                app_get_current_graphics_context

.text.text_layer_set_text_alignment
                0x00000384        0xc
 .text.text_layer_set_text_alignment
                0x00000384        0xc /home/tom/projects/PebbleSifter/Pebble/pebble_sifter/lib/libpebble.a(tmpHZgwt9pebble_os.o)
                0x00000384                text_layer_set_text_alignment

.text.text_layer_get_max_used_size
                0x00000390        0xc
 .text.text_layer_get_max_used_size
                0x00000390        0xc /home/tom/projects/PebbleSifter/Pebble/pebble_sifter/lib/libpebble.a(tmpHZgwt9pebble_os.o)
                0x00000390                text_layer_get_max_used_size

.text.text_layer_set_size
                0x0000039c        0xc
 .text.text_layer_set_size
                0x0000039c        0xc /home/tom/projects/PebbleSifter/Pebble/pebble_sifter/lib/libpebble.a(tmpHZgwt9pebble_os.o)
                0x0000039c                text_layer_set_size

.text.scroll_layer_init
                0x000003a8        0xc
 .text.scroll_layer_init
                0x000003a8        0xc /home/tom/projects/PebbleSifter/Pebble/pebble_sifter/lib/libpebble.a(tmpHZgwt9pebble_os.o)
                0x000003a8                scroll_layer_init

.text.scroll_layer_add_child
                0x000003b4        0xc
 .text.scroll_layer_add_child
                0x000003b4        0xc /home/tom/projects/PebbleSifter/Pebble/pebble_sifter/lib/libpebble.a(tmpHZgwt9pebble_os.o)
                0x000003b4                scroll_layer_add_child

.text.scroll_layer_set_click_config_onto_window
                0x000003c0        0xc
 .text.scroll_layer_set_click_config_onto_window
                0x000003c0        0xc /home/tom/projects/PebbleSifter/Pebble/pebble_sifter/lib/libpebble.a(tmpHZgwt9pebble_os.o)
                0x000003c0                scroll_layer_set_click_config_onto_window

.text.scroll_layer_set_content_size
                0x000003cc        0xc
 .text.scroll_layer_set_content_size
                0x000003cc        0xc /home/tom/projects/PebbleSifter/Pebble/pebble_sifter/lib/libpebble.a(tmpHZgwt9pebble_os.o)
                0x000003cc                scroll_layer_set_content_size

.text.app_sync_init
                0x000003d8        0xc
 .text.app_sync_init
                0x000003d8        0xc /home/tom/projects/PebbleSifter/Pebble/pebble_sifter/lib/libpebble.a(tmpHZgwt9pebble_os.o)
                0x000003d8                app_sync_init

.text.app_sync_deinit
                0x000003e4        0xc
 .text.app_sync_deinit
                0x000003e4        0xc /home/tom/projects/PebbleSifter/Pebble/pebble_sifter/lib/libpebble.a(tmpHZgwt9pebble_os.o)
                0x000003e4                app_sync_deinit

.text.memset    0x000003f0        0xc
 .text.memset   0x000003f0        0xc /home/tom/projects/PebbleSifter/Pebble/pebble_sifter/lib/libpebble.a(tmpHZgwt9pebble_os.o)
                0x000003f0                memset

.rel.dyn        0x000003fc        0x0
 .rel.iplt      0x00000000        0x0 /home/tom/pebble-dev/arm-cs-tools/bin/../lib/gcc/arm-none-eabi/4.6.3/thumb2/crti.o

.data           0x000003fc        0x4
 *(.data)
 .data          0x000003fc        0x0 /home/tom/pebble-dev/arm-cs-tools/bin/../lib/gcc/arm-none-eabi/4.6.3/thumb2/crti.o
 .data          0x000003fc        0x4 /home/tom/pebble-dev/arm-cs-tools/bin/../lib/gcc/arm-none-eabi/4.6.3/thumb2/crtbegin.o
                0x000003fc                __dso_handle
 .data          0x00000400        0x0 src/pebble_sifter.c.1.o
 .data          0x00000400        0x0 /home/tom/projects/PebbleSifter/Pebble/pebble_sifter/lib/libpebble.a(tmpHZgwt9pebble_os.o)
 .data          0x00000400        0x0 /home/tom/pebble-dev/arm-cs-tools/bin/../lib/gcc/arm-none-eabi/4.6.3/thumb2/crtend.o
 .data          0x00000400        0x0 /home/tom/pebble-dev/arm-cs-tools/bin/../lib/gcc/arm-none-eabi/4.6.3/thumb2/crtn.o

.igot.plt       0x00000400        0x0
 .igot.plt      0x00000000        0x0 /home/tom/pebble-dev/arm-cs-tools/bin/../lib/gcc/arm-none-eabi/4.6.3/thumb2/crti.o

.bss
 *(.bss)

.bss.s_data     0x00000400      0x244
 .bss.s_data    0x00000400      0x244 src/pebble_sifter.c.1.o

DISCARD
 libc.a(*)
 libm.a(*)
 libgcc.a(*)
 *(.eh_frame)
OUTPUT(/home/tom/projects/PebbleSifter/Pebble/pebble_sifter/build/pebble-app.elf elf32-littlearm)

.ARM.attributes
                0x00000000       0x27
 .ARM.attributes
                0x00000000       0x1b /home/tom/pebble-dev/arm-cs-tools/bin/../lib/gcc/arm-none-eabi/4.6.3/thumb2/crti.o
 .ARM.attributes
                0x0000001b       0x2b /home/tom/pebble-dev/arm-cs-tools/bin/../lib/gcc/arm-none-eabi/4.6.3/thumb2/crtbegin.o
 .ARM.attributes
                0x00000046       0x33 src/pebble_sifter.c.1.o
 .ARM.attributes
                0x00000079       0x21 /home/tom/projects/PebbleSifter/Pebble/pebble_sifter/lib/libpebble.a(tmpHZgwt9pebble_os.o)
 .ARM.attributes
                0x0000009a       0x2b /home/tom/pebble-dev/arm-cs-tools/bin/../lib/gcc/arm-none-eabi/4.6.3/thumb2/crtend.o
 .ARM.attributes
                0x000000c5       0x1b /home/tom/pebble-dev/arm-cs-tools/bin/../lib/gcc/arm-none-eabi/4.6.3/thumb2/crtn.o

.comment        0x00000000       0x4e
 .comment       0x00000000       0x4e /home/tom/pebble-dev/arm-cs-tools/bin/../lib/gcc/arm-none-eabi/4.6.3/thumb2/crtbegin.o
                                 0x4f (size before relaxing)
 .comment       0x00000000       0x4f src/pebble_sifter.c.1.o
 .comment       0x00000000       0x4f /home/tom/pebble-dev/arm-cs-tools/bin/../lib/gcc/arm-none-eabi/4.6.3/thumb2/crtend.o

.debug_line     0x00000000      0x313
 .debug_line    0x00000000       0x71 /home/tom/pebble-dev/arm-cs-tools/bin/../lib/gcc/arm-none-eabi/4.6.3/thumb2/crti.o
 .debug_line    0x00000071      0x22d src/pebble_sifter.c.1.o
 .debug_line    0x0000029e       0x75 /home/tom/pebble-dev/arm-cs-tools/bin/../lib/gcc/arm-none-eabi/4.6.3/thumb2/crtn.o

.debug_info     0x00000000     0x1b8f
 .debug_info    0x00000000       0x93 /home/tom/pebble-dev/arm-cs-tools/bin/../lib/gcc/arm-none-eabi/4.6.3/thumb2/crti.o
 .debug_info    0x00000093     0x1a69 src/pebble_sifter.c.1.o
 .debug_info    0x00001afc       0x93 /home/tom/pebble-dev/arm-cs-tools/bin/../lib/gcc/arm-none-eabi/4.6.3/thumb2/crtn.o

.debug_abbrev   0x00000000      0x2e4
 .debug_abbrev  0x00000000       0x12 /home/tom/pebble-dev/arm-cs-tools/bin/../lib/gcc/arm-none-eabi/4.6.3/thumb2/crti.o
 .debug_abbrev  0x00000012      0x2c0 src/pebble_sifter.c.1.o
 .debug_abbrev  0x000002d2       0x12 /home/tom/pebble-dev/arm-cs-tools/bin/../lib/gcc/arm-none-eabi/4.6.3/thumb2/crtn.o

.debug_aranges  0x00000000       0xa0
 .debug_aranges
                0x00000000       0x28 /home/tom/pebble-dev/arm-cs-tools/bin/../lib/gcc/arm-none-eabi/4.6.3/thumb2/crti.o
 .debug_aranges
                0x00000028       0x50 src/pebble_sifter.c.1.o
 .debug_aranges
                0x00000078       0x28 /home/tom/pebble-dev/arm-cs-tools/bin/../lib/gcc/arm-none-eabi/4.6.3/thumb2/crtn.o

.debug_ranges   0x00000000       0x98
 .debug_ranges  0x00000000       0x20 /home/tom/pebble-dev/arm-cs-tools/bin/../lib/gcc/arm-none-eabi/4.6.3/thumb2/crti.o
 .debug_ranges  0x00000020       0x58 src/pebble_sifter.c.1.o
 .debug_ranges  0x00000078       0x20 /home/tom/pebble-dev/arm-cs-tools/bin/../lib/gcc/arm-none-eabi/4.6.3/thumb2/crtn.o

.debug_loc      0x00000000      0x17c
 .debug_loc     0x00000000      0x17c src/pebble_sifter.c.1.o

.debug_str      0x00000000     0x1093
 .debug_str     0x00000000     0x1093 src/pebble_sifter.c.1.o
                               0x11bb (size before relaxing)

.debug_frame    0x00000000       0xc8
 .debug_frame   0x00000000       0xc8 src/pebble_sifter.c.1.o
